// Jest Snapshot v1, https://goo.gl/fbAQLP

exports[`Render correctly movie-page-detail component 1`] = `null`;
