// Jest Snapshot v1, https://goo.gl/fbAQLP

exports[`Render correctly films like block component 1`] = `""`;
