// Jest Snapshot v1, https://goo.gl/fbAQLP

exports[`Render correctly user block component 1`] = `
<div
  className="user-block"
>
  <a
    className="user-block__avatar"
    href="/mylist"
    onClick={[Function]}
  >
    <img
      alt="User avatar"
      height="63"
      src="https://htmlacademy-react-2.appspot.com//img/egor-forever-yang.jpg"
      width="63"
    />
  </a>
</div>
`;
