// Jest Snapshot v1, https://goo.gl/fbAQLP

exports[`Render correctly video=player component 1`] = `
<video
  height="175"
  poster="img/fantastic-beasts-the-crimes-of-grindelwald.jpg"
  src="https://www.kinomania.ru/load/n?file=//fs.kinomania.ru/trailers/fbwft-rutlr3_854.mp4"
  width="280"
/>
`;
