// Jest Snapshot v1, https://goo.gl/fbAQLP

exports[`Render correctly genre component 1`] = `
<li
  className="catalog__genres-item"
>
  <a
    className="catalog__genres-link"
    href="#"
  >
    Comedies
  </a>
</li>
`;
