// Jest Snapshot v1, https://goo.gl/fbAQLP

exports[`Render correctly sign-in block component 1`] = `null`;
