// Jest Snapshot v1, https://goo.gl/fbAQLP

exports[`Render correctly page-content component 1`] = `
<div
  className="page-content"
>
  <section
    className="catalog"
  >
    <h2
      className="catalog__title visually-hidden"
    >
      Catalog
    </h2>
    <ul
      className="catalog__genres-list"
    >
      <li
        className="catalog__genres-item  "
      >
        <a
          className="catalog__genres-link"
          onClick={[Function]}
        >
          drama
        </a>
      </li>
      <li
        className="catalog__genres-item  "
      >
        <a
          className="catalog__genres-link"
          onClick={[Function]}
        >
          action
        </a>
      </li>
      <li
        className="catalog__genres-item  "
      >
        <a
          className="catalog__genres-link"
          onClick={[Function]}
        >
          fantasy
        </a>
      </li>
    </ul>
    <div
      className="catalog__movies-list"
    >
      <article
        className="small-movie-card catalog__movies-card"
        onMouseEnter={[Function]}
        onMouseLeave={[Function]}
      >
        <div
          className="small-movie-card__image"
        >
          <video
            height="175"
            poster="img/fantastic-beasts-the-crimes-of-grindelwald.jpg"
            src="https://www.kinomania.ru/load/n?file=//fs.kinomania.ru/trailers/fbwft-rutlr3_854.mp4"
            width="280"
          />
        </div>
        <h3
          className="small-movie-card__title"
        >
          <a
            className="small-movie-card__link"
            href="/films/1"
            onClick={[Function]}
          >
            Fantastic Beats
          </a>
        </h3>
      </article>
      <article
        className="small-movie-card catalog__movies-card"
        onMouseEnter={[Function]}
        onMouseLeave={[Function]}
      >
        <div
          className="small-movie-card__image"
        >
          <video
            height="175"
            poster="img/bohemian-rhapsody.jpg"
            src="https://www.kinomania.ru/load/n?file=//fs.kinomania.ru/media/video/c/76/c766c75666111cab4aa6bb75a5424bc0.480.mp4"
            width="280"
          />
        </div>
        <h3
          className="small-movie-card__title"
        >
          <a
            className="small-movie-card__link"
            href="/films/2"
            onClick={[Function]}
          >
            Bohemian Rhapsody
          </a>
        </h3>
      </article>
      <article
        className="small-movie-card catalog__movies-card"
        onMouseEnter={[Function]}
        onMouseLeave={[Function]}
      >
        <div
          className="small-movie-card__image"
        >
          <video
            height="175"
            poster="img/macbeth.jpg"
            src="https://download.blender.org/durian/trailer/sintel_trailer-480p.mp4"
            width="280"
          />
        </div>
        <h3
          className="small-movie-card__title"
        >
          <a
            className="small-movie-card__link"
            href="/films/3"
            onClick={[Function]}
          >
            Macbeth.jpg
          </a>
        </h3>
      </article>
      <article
        className="small-movie-card catalog__movies-card"
        onMouseEnter={[Function]}
        onMouseLeave={[Function]}
      >
        <div
          className="small-movie-card__image"
        >
          <video
            height="175"
            poster="img/aviator.jpg"
            src="https://upload.wikimedia.org/wikipedia/commons/transcoded/b/b3/Big_Buck_Bunny_Trailer_400p.ogv/Big_Buck_Bunny_Trailer_400p.ogv.360p.webm"
            width="280"
          />
        </div>
        <h3
          className="small-movie-card__title"
        >
          <a
            className="small-movie-card__link"
            href="/films/4"
            onClick={[Function]}
          >
            Aviator
          </a>
        </h3>
      </article>
      <article
        className="small-movie-card catalog__movies-card"
        onMouseEnter={[Function]}
        onMouseLeave={[Function]}
      >
        <div
          className="small-movie-card__image"
        >
          <video
            height="175"
            poster="img/war-of-the-worlds.jpg"
            src="https://www.kinomania.ru/load/n?file=//fs.kinomania.ru/media/video/5/2a/52ab2988c90e81715008ed5189632b8d.480.mp4"
            width="280"
          />
        </div>
        <h3
          className="small-movie-card__title"
        >
          <a
            className="small-movie-card__link"
            href="/films/5"
            onClick={[Function]}
          >
            War of the worlds
          </a>
        </h3>
      </article>
    </div>
  </section>
  <footer
    className="page-footer"
  >
    <div
      className="logo"
    >
      <a
        className="logo__link logo__link--light"
        href="/"
        onClick={[Function]}
      >
        <span
          className="logo__letter logo__letter--1"
        >
          W
        </span>
        <span
          className="logo__letter logo__letter--2"
        >
          T
        </span>
        <span
          className="logo__letter logo__letter--3"
        >
          W
        </span>
      </a>
    </div>
    <div
      className="copyright"
    >
      <p>
        Â© 2019 What to watch Ltd.
      </p>
    </div>
  </footer>
</div>
`;
